I'm sorry, but errors were detected in your script. Please correct the
errors listed below, and try again.


File "game/script.rpy", line 274: invalid syntax
    $ _preferences.set_volume('sound', 0.5)
     ^
    

Ren'Py Version: Ren'Py 7.2.2.491
Fri May 10 02:30:28 2019
